*** Test RDF ***
Test item RDF
Autor: JV
URL: http://xml.com/pub/2000/08/09/xslt/xslt.html

Test item RDF2
Autor: Hue
URL: http://xml.com/pub/2000/08/09/rdfdb/index.html

