*** Test ***
Test entry
Autor: JV
URL: http://hue.org

Test entry 2
Autor: JÃ¶rvearick
URL: http://hue.com

Test ex entry 1
Autor: Source
URL: http://euh.com

Test ex entry 2
Autor: TestMissing
URL: http://right.com

