*** Test ***
Test entry
Autor: JV
Aktualizace: 2003-12-13T18:30:02Z
URL: http://hue.org

Test entry 2
Autor: JÃ¶rvearick
Aktualizace: 2003-12-13T18:30:02Z
URL: http://hue.com
