*** Test ***
Test entry
Test entry 2

*** Test RDF ***
Test item RDF
Test item RDF2

*** TestOfRSS ***
Test RSS2
Test RSS1
