*** Test RDF ***
Test item RDF
Autor: JV
URL: http://c.moreover.com/click/here.pl?r123

Test item RDF2
Autor: Hue
URL: http://huerdf.com

