*** TestOfRSS ***
Test RSS2
Autor: JV
Aktualizace: Tue, 27 May 2003 08:37:32 GMT
URL: http://www.test.com

Test RSS1
Autor: JV
Aktualizace: Tue, 20 May 2003 08:56:02 GMT
URL: http://www.test1.com

